// Jest Snapshot v1, https://goo.gl/fbAQLP

exports[`CarouselWrapper Coming Soon Movies carousel has a correct heading 1`] = `
<div
  class="dashboard-wrap"
>
  <div
    class="movie-list-wrapper"
  >
    <div
      style="color: rgb(255, 255, 255); display: flex; justify-content: center; font-size: 2.2rem;"
    >
      <div
        class="movie-list-title"
        data-test="carousel-1"
      >
        Popular Movies
      </div>
    </div>
     
    <div
      class="carousel slide"
      data-ride="carousel"
      id="carousel-1"
    >
      <div
        class="carousel-inner"
      >
        <div
          class="carousel-item active"
          data-test="carousel"
        >
          <div
            class="row"
            style="padding: 0px;"
          >
            <div>
              <div
                class="movie-item-box"
                data-test="carousel-item"
              >
                <img
                  class="img-fluid"
                  data-test="carousel-item-img"
                  src="http://image.tmdb.org/t/p/w500/wrFpXMNBRj2PBiN4Z5kix51XaIZ.jpg"
                  style="height: 100%;"
                />
                 
                <div
                  class="movie-item-box-title"
                  data-test="carousel-item-title"
                >
                  A Star Is Born
                </div>
              </div>
            </div>
          </div>
        </div>
      </div>
       
      <a
        class="carousel-control-prev"
        data-slide="prev"
        href="#carousel-1"
        role="button"
      >
        <span
          aria-hidden="true"
          class="carousel-control-prev-icon"
        />
         
        <span
          class="sr-only"
        >
          Previous
        </span>
      </a>
       
      <a
        class="carousel-control-next"
        data-slide="next"
        href="#carousel-1"
        role="button"
      >
        <span
          aria-hidden="true"
          class="carousel-control-next-icon"
        />
         
        <span
          class="sr-only"
        >
          Next
        </span>
      </a>
    </div>
  </div>
   
  <div
    class="movie-list-wrapper"
  >
    <div
      style="color: rgb(255, 255, 255); display: flex; justify-content: center; font-size: 2.2rem;"
    >
      <div
        class="movie-list-title"
        data-test="carousel-2"
      >
        Coming Soon
      </div>
    </div>
     
    <div
      class="carousel slide"
      data-ride="carousel"
      id="carousel-2"
    >
      <div
        class="carousel-inner"
      >
        <div
          class="carousel-item active"
          data-test="carousel"
        >
          <div
            class="row"
            style="padding: 0px;"
          >
            <div>
              <div
                class="movie-item-box"
                data-test="carousel-item"
              >
                <img
                  class="img-fluid"
                  data-test="carousel-item-img"
                  src="http://image.tmdb.org/t/p/w500/wrFpXMNBRj2PBiN4Z5kix51XaIZ.jpg"
                  style="height: 100%;"
                />
                 
                <div
                  class="movie-item-box-title"
                  data-test="carousel-item-title"
                >
                  A Star Is Born
                </div>
              </div>
            </div>
          </div>
        </div>
      </div>
       
      <a
        class="carousel-control-prev"
        data-slide="prev"
        href="#carousel-2"
        role="button"
      >
        <span
          aria-hidden="true"
          class="carousel-control-prev-icon"
        />
         
        <span
          class="sr-only"
        >
          Previous
        </span>
      </a>
       
      <a
        class="carousel-control-next"
        data-slide="next"
        href="#carousel-2"
        role="button"
      >
        <span
          aria-hidden="true"
          class="carousel-control-next-icon"
        />
         
        <span
          class="sr-only"
        >
          Next
        </span>
      </a>
    </div>
  </div>
</div>
`;

exports[`CarouselWrapper Coming Soon Movies movie carousel item has a correct movie title 1`] = `
<div
  class="dashboard-wrap"
>
  <div
    class="movie-list-wrapper"
  >
    <div
      style="color: rgb(255, 255, 255); display: flex; justify-content: center; font-size: 2.2rem;"
    >
      <div
        class="movie-list-title"
        data-test="carousel-1"
      >
        Popular Movies
      </div>
    </div>
     
    <div
      class="carousel slide"
      data-ride="carousel"
      id="carousel-1"
    >
      <div
        class="carousel-inner"
      >
        <div
          class="carousel-item active"
          data-test="carousel"
        >
          <div
            class="row"
            style="padding: 0px;"
          >
            <div>
              <div
                class="movie-item-box"
                data-test="carousel-item"
              >
                <img
                  class="img-fluid"
                  data-test="carousel-item-img"
                  src="http://image.tmdb.org/t/p/w500/wrFpXMNBRj2PBiN4Z5kix51XaIZ.jpg"
                  style="height: 100%;"
                />
                 
                <div
                  class="movie-item-box-title"
                  data-test="carousel-item-title"
                >
                  A Star Is Born
                </div>
              </div>
            </div>
          </div>
        </div>
      </div>
       
      <a
        class="carousel-control-prev"
        data-slide="prev"
        href="#carousel-1"
        role="button"
      >
        <span
          aria-hidden="true"
          class="carousel-control-prev-icon"
        />
         
        <span
          class="sr-only"
        >
          Previous
        </span>
      </a>
       
      <a
        class="carousel-control-next"
        data-slide="next"
        href="#carousel-1"
        role="button"
      >
        <span
          aria-hidden="true"
          class="carousel-control-next-icon"
        />
         
        <span
          class="sr-only"
        >
          Next
        </span>
      </a>
    </div>
  </div>
   
  <div
    class="movie-list-wrapper"
  >
    <div
      style="color: rgb(255, 255, 255); display: flex; justify-content: center; font-size: 2.2rem;"
    >
      <div
        class="movie-list-title"
        data-test="carousel-2"
      >
        Coming Soon
      </div>
    </div>
     
    <div
      class="carousel slide"
      data-ride="carousel"
      id="carousel-2"
    >
      <div
        class="carousel-inner"
      >
        <div
          class="carousel-item active"
          data-test="carousel"
        >
          <div
            class="row"
            style="padding: 0px;"
          >
            <div>
              <div
                class="movie-item-box"
                data-test="carousel-item"
              >
                <img
                  class="img-fluid"
                  data-test="carousel-item-img"
                  src="http://image.tmdb.org/t/p/w500/wrFpXMNBRj2PBiN4Z5kix51XaIZ.jpg"
                  style="height: 100%;"
                />
                 
                <div
                  class="movie-item-box-title"
                  data-test="carousel-item-title"
                >
                  A Star Is Born
                </div>
              </div>
            </div>
          </div>
        </div>
      </div>
       
      <a
        class="carousel-control-prev"
        data-slide="prev"
        href="#carousel-2"
        role="button"
      >
        <span
          aria-hidden="true"
          class="carousel-control-prev-icon"
        />
         
        <span
          class="sr-only"
        >
          Previous
        </span>
      </a>
       
      <a
        class="carousel-control-next"
        data-slide="next"
        href="#carousel-2"
        role="button"
      >
        <span
          aria-hidden="true"
          class="carousel-control-next-icon"
        />
         
        <span
          class="sr-only"
        >
          Next
        </span>
      </a>
    </div>
  </div>
</div>
`;

exports[`CarouselWrapper Coming Soon Movies movie carousel item img has a correct src 1`] = `
<div
  class="dashboard-wrap"
>
  <div
    class="movie-list-wrapper"
  >
    <div
      style="color: rgb(255, 255, 255); display: flex; justify-content: center; font-size: 2.2rem;"
    >
      <div
        class="movie-list-title"
        data-test="carousel-1"
      >
        Popular Movies
      </div>
    </div>
     
    <div
      class="carousel slide"
      data-ride="carousel"
      id="carousel-1"
    >
      <div
        class="carousel-inner"
      >
        <div
          class="carousel-item active"
          data-test="carousel"
        >
          <div
            class="row"
            style="padding: 0px;"
          >
            <div>
              <div
                class="movie-item-box"
                data-test="carousel-item"
              >
                <img
                  class="img-fluid"
                  data-test="carousel-item-img"
                  src="http://image.tmdb.org/t/p/w500/wrFpXMNBRj2PBiN4Z5kix51XaIZ.jpg"
                  style="height: 100%;"
                />
                 
                <div
                  class="movie-item-box-title"
                  data-test="carousel-item-title"
                >
                  A Star Is Born
                </div>
              </div>
            </div>
          </div>
        </div>
      </div>
       
      <a
        class="carousel-control-prev"
        data-slide="prev"
        href="#carousel-1"
        role="button"
      >
        <span
          aria-hidden="true"
          class="carousel-control-prev-icon"
        />
         
        <span
          class="sr-only"
        >
          Previous
        </span>
      </a>
       
      <a
        class="carousel-control-next"
        data-slide="next"
        href="#carousel-1"
        role="button"
      >
        <span
          aria-hidden="true"
          class="carousel-control-next-icon"
        />
         
        <span
          class="sr-only"
        >
          Next
        </span>
      </a>
    </div>
  </div>
   
  <div
    class="movie-list-wrapper"
  >
    <div
      style="color: rgb(255, 255, 255); display: flex; justify-content: center; font-size: 2.2rem;"
    >
      <div
        class="movie-list-title"
        data-test="carousel-2"
      >
        Coming Soon
      </div>
    </div>
     
    <div
      class="carousel slide"
      data-ride="carousel"
      id="carousel-2"
    >
      <div
        class="carousel-inner"
      >
        <div
          class="carousel-item active"
          data-test="carousel"
        >
          <div
            class="row"
            style="padding: 0px;"
          >
            <div>
              <div
                class="movie-item-box"
                data-test="carousel-item"
              >
                <img
                  class="img-fluid"
                  data-test="carousel-item-img"
                  src="http://image.tmdb.org/t/p/w500/wrFpXMNBRj2PBiN4Z5kix51XaIZ.jpg"
                  style="height: 100%;"
                />
                 
                <div
                  class="movie-item-box-title"
                  data-test="carousel-item-title"
                >
                  A Star Is Born
                </div>
              </div>
            </div>
          </div>
        </div>
      </div>
       
      <a
        class="carousel-control-prev"
        data-slide="prev"
        href="#carousel-2"
        role="button"
      >
        <span
          aria-hidden="true"
          class="carousel-control-prev-icon"
        />
         
        <span
          class="sr-only"
        >
          Previous
        </span>
      </a>
       
      <a
        class="carousel-control-next"
        data-slide="next"
        href="#carousel-2"
        role="button"
      >
        <span
          aria-hidden="true"
          class="carousel-control-next-icon"
        />
         
        <span
          class="sr-only"
        >
          Next
        </span>
      </a>
    </div>
  </div>
</div>
`;

exports[`CarouselWrapper Popular Movies carousel has a correct heading 1`] = `
<div
  class="dashboard-wrap"
>
  <div
    class="movie-list-wrapper"
  >
    <div
      style="color: rgb(255, 255, 255); display: flex; justify-content: center; font-size: 2.2rem;"
    >
      <div
        class="movie-list-title"
        data-test="carousel-1"
      >
        Popular Movies
      </div>
    </div>
     
    <div
      class="carousel slide"
      data-ride="carousel"
      id="carousel-1"
    >
      <div
        class="carousel-inner"
      >
        <div
          class="carousel-item active"
          data-test="carousel"
        >
          <div
            class="row"
            style="padding: 0px;"
          >
            <div>
              <div
                class="movie-item-box"
                data-test="carousel-item"
              >
                <img
                  class="img-fluid"
                  data-test="carousel-item-img"
                  src="http://image.tmdb.org/t/p/w500/wrFpXMNBRj2PBiN4Z5kix51XaIZ.jpg"
                  style="height: 100%;"
                />
                 
                <div
                  class="movie-item-box-title"
                  data-test="carousel-item-title"
                >
                  A Star Is Born
                </div>
              </div>
            </div>
          </div>
        </div>
      </div>
       
      <a
        class="carousel-control-prev"
        data-slide="prev"
        href="#carousel-1"
        role="button"
      >
        <span
          aria-hidden="true"
          class="carousel-control-prev-icon"
        />
         
        <span
          class="sr-only"
        >
          Previous
        </span>
      </a>
       
      <a
        class="carousel-control-next"
        data-slide="next"
        href="#carousel-1"
        role="button"
      >
        <span
          aria-hidden="true"
          class="carousel-control-next-icon"
        />
         
        <span
          class="sr-only"
        >
          Next
        </span>
      </a>
    </div>
  </div>
   
  <div
    class="movie-list-wrapper"
  >
    <div
      style="color: rgb(255, 255, 255); display: flex; justify-content: center; font-size: 2.2rem;"
    >
      <div
        class="movie-list-title"
        data-test="carousel-2"
      >
        Coming Soon
      </div>
    </div>
     
    <div
      class="carousel slide"
      data-ride="carousel"
      id="carousel-2"
    >
      <div
        class="carousel-inner"
      >
        <div
          class="carousel-item active"
          data-test="carousel"
        >
          <div
            class="row"
            style="padding: 0px;"
          >
            <div>
              <div
                class="movie-item-box"
                data-test="carousel-item"
              >
                <img
                  class="img-fluid"
                  data-test="carousel-item-img"
                  src="http://image.tmdb.org/t/p/w500/wrFpXMNBRj2PBiN4Z5kix51XaIZ.jpg"
                  style="height: 100%;"
                />
                 
                <div
                  class="movie-item-box-title"
                  data-test="carousel-item-title"
                >
                  A Star Is Born
                </div>
              </div>
            </div>
          </div>
        </div>
      </div>
       
      <a
        class="carousel-control-prev"
        data-slide="prev"
        href="#carousel-2"
        role="button"
      >
        <span
          aria-hidden="true"
          class="carousel-control-prev-icon"
        />
         
        <span
          class="sr-only"
        >
          Previous
        </span>
      </a>
       
      <a
        class="carousel-control-next"
        data-slide="next"
        href="#carousel-2"
        role="button"
      >
        <span
          aria-hidden="true"
          class="carousel-control-next-icon"
        />
         
        <span
          class="sr-only"
        >
          Next
        </span>
      </a>
    </div>
  </div>
</div>
`;

exports[`CarouselWrapper Popular Movies movie carousel item has a correct movie title 1`] = `
<div
  class="dashboard-wrap"
>
  <div
    class="movie-list-wrapper"
  >
    <div
      style="color: rgb(255, 255, 255); display: flex; justify-content: center; font-size: 2.2rem;"
    >
      <div
        class="movie-list-title"
        data-test="carousel-1"
      >
        Popular Movies
      </div>
    </div>
     
    <div
      class="carousel slide"
      data-ride="carousel"
      id="carousel-1"
    >
      <div
        class="carousel-inner"
      >
        <div
          class="carousel-item active"
          data-test="carousel"
        >
          <div
            class="row"
            style="padding: 0px;"
          >
            <div>
              <div
                class="movie-item-box"
                data-test="carousel-item"
              >
                <img
                  class="img-fluid"
                  data-test="carousel-item-img"
                  src="http://image.tmdb.org/t/p/w500/wrFpXMNBRj2PBiN4Z5kix51XaIZ.jpg"
                  style="height: 100%;"
                />
                 
                <div
                  class="movie-item-box-title"
                  data-test="carousel-item-title"
                >
                  A Star Is Born
                </div>
              </div>
            </div>
          </div>
        </div>
      </div>
       
      <a
        class="carousel-control-prev"
        data-slide="prev"
        href="#carousel-1"
        role="button"
      >
        <span
          aria-hidden="true"
          class="carousel-control-prev-icon"
        />
         
        <span
          class="sr-only"
        >
          Previous
        </span>
      </a>
       
      <a
        class="carousel-control-next"
        data-slide="next"
        href="#carousel-1"
        role="button"
      >
        <span
          aria-hidden="true"
          class="carousel-control-next-icon"
        />
         
        <span
          class="sr-only"
        >
          Next
        </span>
      </a>
    </div>
  </div>
   
  <div
    class="movie-list-wrapper"
  >
    <div
      style="color: rgb(255, 255, 255); display: flex; justify-content: center; font-size: 2.2rem;"
    >
      <div
        class="movie-list-title"
        data-test="carousel-2"
      >
        Coming Soon
      </div>
    </div>
     
    <div
      class="carousel slide"
      data-ride="carousel"
      id="carousel-2"
    >
      <div
        class="carousel-inner"
      >
        <div
          class="carousel-item active"
          data-test="carousel"
        >
          <div
            class="row"
            style="padding: 0px;"
          >
            <div>
              <div
                class="movie-item-box"
                data-test="carousel-item"
              >
                <img
                  class="img-fluid"
                  data-test="carousel-item-img"
                  src="http://image.tmdb.org/t/p/w500/wrFpXMNBRj2PBiN4Z5kix51XaIZ.jpg"
                  style="height: 100%;"
                />
                 
                <div
                  class="movie-item-box-title"
                  data-test="carousel-item-title"
                >
                  A Star Is Born
                </div>
              </div>
            </div>
          </div>
        </div>
      </div>
       
      <a
        class="carousel-control-prev"
        data-slide="prev"
        href="#carousel-2"
        role="button"
      >
        <span
          aria-hidden="true"
          class="carousel-control-prev-icon"
        />
         
        <span
          class="sr-only"
        >
          Previous
        </span>
      </a>
       
      <a
        class="carousel-control-next"
        data-slide="next"
        href="#carousel-2"
        role="button"
      >
        <span
          aria-hidden="true"
          class="carousel-control-next-icon"
        />
         
        <span
          class="sr-only"
        >
          Next
        </span>
      </a>
    </div>
  </div>
</div>
`;

exports[`CarouselWrapper Popular Movies movie carousel item img has a correct src 1`] = `
<div
  class="dashboard-wrap"
>
  <div
    class="movie-list-wrapper"
  >
    <div
      style="color: rgb(255, 255, 255); display: flex; justify-content: center; font-size: 2.2rem;"
    >
      <div
        class="movie-list-title"
        data-test="carousel-1"
      >
        Popular Movies
      </div>
    </div>
     
    <div
      class="carousel slide"
      data-ride="carousel"
      id="carousel-1"
    >
      <div
        class="carousel-inner"
      >
        <div
          class="carousel-item active"
          data-test="carousel"
        >
          <div
            class="row"
            style="padding: 0px;"
          >
            <div>
              <div
                class="movie-item-box"
                data-test="carousel-item"
              >
                <img
                  class="img-fluid"
                  data-test="carousel-item-img"
                  src="http://image.tmdb.org/t/p/w500/wrFpXMNBRj2PBiN4Z5kix51XaIZ.jpg"
                  style="height: 100%;"
                />
                 
                <div
                  class="movie-item-box-title"
                  data-test="carousel-item-title"
                >
                  A Star Is Born
                </div>
              </div>
            </div>
          </div>
        </div>
      </div>
       
      <a
        class="carousel-control-prev"
        data-slide="prev"
        href="#carousel-1"
        role="button"
      >
        <span
          aria-hidden="true"
          class="carousel-control-prev-icon"
        />
         
        <span
          class="sr-only"
        >
          Previous
        </span>
      </a>
       
      <a
        class="carousel-control-next"
        data-slide="next"
        href="#carousel-1"
        role="button"
      >
        <span
          aria-hidden="true"
          class="carousel-control-next-icon"
        />
         
        <span
          class="sr-only"
        >
          Next
        </span>
      </a>
    </div>
  </div>
   
  <div
    class="movie-list-wrapper"
  >
    <div
      style="color: rgb(255, 255, 255); display: flex; justify-content: center; font-size: 2.2rem;"
    >
      <div
        class="movie-list-title"
        data-test="carousel-2"
      >
        Coming Soon
      </div>
    </div>
     
    <div
      class="carousel slide"
      data-ride="carousel"
      id="carousel-2"
    >
      <div
        class="carousel-inner"
      >
        <div
          class="carousel-item active"
          data-test="carousel"
        >
          <div
            class="row"
            style="padding: 0px;"
          >
            <div>
              <div
                class="movie-item-box"
                data-test="carousel-item"
              >
                <img
                  class="img-fluid"
                  data-test="carousel-item-img"
                  src="http://image.tmdb.org/t/p/w500/wrFpXMNBRj2PBiN4Z5kix51XaIZ.jpg"
                  style="height: 100%;"
                />
                 
                <div
                  class="movie-item-box-title"
                  data-test="carousel-item-title"
                >
                  A Star Is Born
                </div>
              </div>
            </div>
          </div>
        </div>
      </div>
       
      <a
        class="carousel-control-prev"
        data-slide="prev"
        href="#carousel-2"
        role="button"
      >
        <span
          aria-hidden="true"
          class="carousel-control-prev-icon"
        />
         
        <span
          class="sr-only"
        >
          Previous
        </span>
      </a>
       
      <a
        class="carousel-control-next"
        data-slide="next"
        href="#carousel-2"
        role="button"
      >
        <span
          aria-hidden="true"
          class="carousel-control-next-icon"
        />
         
        <span
          class="sr-only"
        >
          Next
        </span>
      </a>
    </div>
  </div>
</div>
`;

exports[`CarouselWrapper renders two carousels 1`] = `
<div
  class="dashboard-wrap"
>
  <div
    class="movie-list-wrapper"
  >
    <div
      style="color: rgb(255, 255, 255); display: flex; justify-content: center; font-size: 2.2rem;"
    >
      <div
        class="movie-list-title"
        data-test="carousel-1"
      >
        Popular Movies
      </div>
    </div>
     
    <div
      class="carousel slide"
      data-ride="carousel"
      id="carousel-1"
    >
      <div
        class="carousel-inner"
      >
        <div
          class="carousel-item active"
          data-test="carousel"
        >
          <div
            class="row"
            style="padding: 0px;"
          >
            <div>
              <div
                class="movie-item-box"
                data-test="carousel-item"
              >
                <img
                  class="img-fluid"
                  data-test="carousel-item-img"
                  src="http://image.tmdb.org/t/p/w500/wrFpXMNBRj2PBiN4Z5kix51XaIZ.jpg"
                  style="height: 100%;"
                />
                 
                <div
                  class="movie-item-box-title"
                  data-test="carousel-item-title"
                >
                  A Star Is Born
                </div>
              </div>
            </div>
          </div>
        </div>
      </div>
       
      <a
        class="carousel-control-prev"
        data-slide="prev"
        href="#carousel-1"
        role="button"
      >
        <span
          aria-hidden="true"
          class="carousel-control-prev-icon"
        />
         
        <span
          class="sr-only"
        >
          Previous
        </span>
      </a>
       
      <a
        class="carousel-control-next"
        data-slide="next"
        href="#carousel-1"
        role="button"
      >
        <span
          aria-hidden="true"
          class="carousel-control-next-icon"
        />
         
        <span
          class="sr-only"
        >
          Next
        </span>
      </a>
    </div>
  </div>
   
  <div
    class="movie-list-wrapper"
  >
    <div
      style="color: rgb(255, 255, 255); display: flex; justify-content: center; font-size: 2.2rem;"
    >
      <div
        class="movie-list-title"
        data-test="carousel-2"
      >
        Coming Soon
      </div>
    </div>
     
    <div
      class="carousel slide"
      data-ride="carousel"
      id="carousel-2"
    >
      <div
        class="carousel-inner"
      >
        <div
          class="carousel-item active"
          data-test="carousel"
        >
          <div
            class="row"
            style="padding: 0px;"
          >
            <div>
              <div
                class="movie-item-box"
                data-test="carousel-item"
              >
                <img
                  class="img-fluid"
                  data-test="carousel-item-img"
                  src="http://image.tmdb.org/t/p/w500/wrFpXMNBRj2PBiN4Z5kix51XaIZ.jpg"
                  style="height: 100%;"
                />
                 
                <div
                  class="movie-item-box-title"
                  data-test="carousel-item-title"
                >
                  A Star Is Born
                </div>
              </div>
            </div>
          </div>
        </div>
      </div>
       
      <a
        class="carousel-control-prev"
        data-slide="prev"
        href="#carousel-2"
        role="button"
      >
        <span
          aria-hidden="true"
          class="carousel-control-prev-icon"
        />
         
        <span
          class="sr-only"
        >
          Previous
        </span>
      </a>
       
      <a
        class="carousel-control-next"
        data-slide="next"
        href="#carousel-2"
        role="button"
      >
        <span
          aria-hidden="true"
          class="carousel-control-next-icon"
        />
         
        <span
          class="sr-only"
        >
          Next
        </span>
      </a>
    </div>
  </div>
</div>
`;

exports[`CarouselWrapper renders two movie carousel item 1`] = `
<div
  class="dashboard-wrap"
>
  <div
    class="movie-list-wrapper"
  >
    <div
      style="color: rgb(255, 255, 255); display: flex; justify-content: center; font-size: 2.2rem;"
    >
      <div
        class="movie-list-title"
        data-test="carousel-1"
      >
        Popular Movies
      </div>
    </div>
     
    <div
      class="carousel slide"
      data-ride="carousel"
      id="carousel-1"
    >
      <div
        class="carousel-inner"
      >
        <div
          class="carousel-item active"
          data-test="carousel"
        >
          <div
            class="row"
            style="padding: 0px;"
          >
            <div>
              <div
                class="movie-item-box"
                data-test="carousel-item"
              >
                <img
                  class="img-fluid"
                  data-test="carousel-item-img"
                  src="http://image.tmdb.org/t/p/w500/wrFpXMNBRj2PBiN4Z5kix51XaIZ.jpg"
                  style="height: 100%;"
                />
                 
                <div
                  class="movie-item-box-title"
                  data-test="carousel-item-title"
                >
                  A Star Is Born
                </div>
              </div>
            </div>
          </div>
        </div>
      </div>
       
      <a
        class="carousel-control-prev"
        data-slide="prev"
        href="#carousel-1"
        role="button"
      >
        <span
          aria-hidden="true"
          class="carousel-control-prev-icon"
        />
         
        <span
          class="sr-only"
        >
          Previous
        </span>
      </a>
       
      <a
        class="carousel-control-next"
        data-slide="next"
        href="#carousel-1"
        role="button"
      >
        <span
          aria-hidden="true"
          class="carousel-control-next-icon"
        />
         
        <span
          class="sr-only"
        >
          Next
        </span>
      </a>
    </div>
  </div>
   
  <div
    class="movie-list-wrapper"
  >
    <div
      style="color: rgb(255, 255, 255); display: flex; justify-content: center; font-size: 2.2rem;"
    >
      <div
        class="movie-list-title"
        data-test="carousel-2"
      >
        Coming Soon
      </div>
    </div>
     
    <div
      class="carousel slide"
      data-ride="carousel"
      id="carousel-2"
    >
      <div
        class="carousel-inner"
      >
        <div
          class="carousel-item active"
          data-test="carousel"
        >
          <div
            class="row"
            style="padding: 0px;"
          >
            <div>
              <div
                class="movie-item-box"
                data-test="carousel-item"
              >
                <img
                  class="img-fluid"
                  data-test="carousel-item-img"
                  src="http://image.tmdb.org/t/p/w500/wrFpXMNBRj2PBiN4Z5kix51XaIZ.jpg"
                  style="height: 100%;"
                />
                 
                <div
                  class="movie-item-box-title"
                  data-test="carousel-item-title"
                >
                  A Star Is Born
                </div>
              </div>
            </div>
          </div>
        </div>
      </div>
       
      <a
        class="carousel-control-prev"
        data-slide="prev"
        href="#carousel-2"
        role="button"
      >
        <span
          aria-hidden="true"
          class="carousel-control-prev-icon"
        />
         
        <span
          class="sr-only"
        >
          Previous
        </span>
      </a>
       
      <a
        class="carousel-control-next"
        data-slide="next"
        href="#carousel-2"
        role="button"
      >
        <span
          aria-hidden="true"
          class="carousel-control-next-icon"
        />
         
        <span
          class="sr-only"
        >
          Next
        </span>
      </a>
    </div>
  </div>
</div>
`;
