// Jest Snapshot v1, https://goo.gl/fbAQLP

exports[`Movie Details after fetch movie title is correct 1`] = `
<div
  class="movie-overview h-100"
>
  <div
    data-test="movie-overview-description-wrapper"
    style="background-position: center; background-size: cover; display: flex; justify-content: center;"
  >
    <div
      class="movie-overview-description-width row"
    >
      <div
        class="col-sm-12 col-md-4 movie-overview-poster-wrap"
      >
        <img
          class="movie-overview-poster p-1 h-100 w-100"
          data-test="movie-overview-poster"
          src="http://image.tmdb.org/t/p/original/wrFpXMNBRj2PBiN4Z5kix51XaIZ.jpg"
        />
      </div>
       
      <div
        class="col-sm-12 col-md-8 movie-overview-description p-2 d-flex justify-content-center"
      >
        <div
          class="movie-overview-title font-weight-bolder d-flex align-items-center mb-2"
        >
          <h1
            data-test="movie-overview-title"
            style="margin-right: 0.5rem;"
          >
            A Star Is Born
          </h1>
           
          <span
            class="font-weight-regular movie-overview-release-date"
            data-test="movie-overview-release-date"
          >
            (2018)
          </span>
        </div>
         
        <div
          class="row d-flex justify-content-start align-items-center"
        >
          <div
            class="col-sm-auto col-md-auto d-flex align-items-center mr-1 mb-4 mb-sm-0"
          >
            <h6
              class="font-weight-bold mr-1"
            >
              <div>
                User
              </div>
               
              <div>
                Score
              </div>
            </h6>
             
            <div>
              <svg
                class="circle-chart"
                height="70"
                viewBox="0 0 36 36"
                width="70"
                xmlns="http://www.w3.org/2000/svg"
              >
                <path
                  class="circle-bg"
                  d="M18 2.0845
        a 15.9155 15.9155 0 0 1 0 31.831
        a 15.9155 15.9155 0 0 1 0 -31.831"
                />
                 
                <path
                  class="circle-chart__circle"
                  d="M18 2.0845
        a 15.9155 15.9155 0 0 1 0 31.831
        a 15.9155 15.9155 0 0 1 0 -31.831"
                  stroke="#48AE48"
                  stroke-dasharray="84 100"
                  stroke-linecap="round"
                  stroke-width="2"
                />
                 
                <g
                  class="circle-chart__info"
                >
                  <text
                    alignment-baseline="central"
                    class="circle-chart__percent font-weight-bold"
                    data-test="movie-overview-average"
                    fill="#fff"
                    font-size="8"
                    text-anchor="middle"
                    x="18"
                    y="17"
                  >
                    84%
                  </text>
                </g>
              </svg>
            </div>
          </div>
           
          <div
            class="movie-overview-add-favorites d-flex justify-content-center align-items-center mr-1"
            style="border-color: #fff;"
          >
            <svg
              class="svgclass"
              fill="#fff"
              height="20"
              version="1.1"
              viewBox="0 0 32 32"
              width="20"
              xmlns="http://www.w3.org/2000/svg"
            >
              <path
                d="M6 0v32l10-10 10 10v-32z"
              />
            </svg>
          </div>
           
          <div
            class="movie-overview-add-favorites d-flex justify-content-center align-items-center"
            data-test="movie-overview-favorites-button"
            style="border-color: #fff;"
          >
            <svg
              class="svgclass"
              fill="#fff"
              height="20"
              version="1.1"
              viewBox="0 0 32 32"
              width="20"
              xmlns="http://www.w3.org/2000/svg"
            >
              <path
                d="M23.6 2c-3.363 0-6.258 2.736-7.599 5.594-1.342-2.858-4.237-5.594-7.601-5.594-4.637 0-8.4 3.764-8.4 8.401 0 9.433 9.516 11.906 16.001 21.232 6.13-9.268 15.999-12.1 15.999-21.232 0-4.637-3.763-8.401-8.4-8.401z"
              />
            </svg>
          </div>
           
          <div
            class="movie-overview-trailer-btn d-flex justify-content-center align-items-center ml-1 flex-column"
            data-test="movie-overview-trailer-btn"
          >
            <div
              class="font-weight-bold"
            >
              Play Trailer
            </div>
             
            <svg
              class="movie-overview-play-video-icon"
              fill="#fff"
              height="32"
              version="1.1"
              viewBox="0 0 32 32"
              width="32"
              xmlns="http://www.w3.org/2000/svg"
            >
              <path
                d="M31.681 9.6c0 0-0.313-2.206-1.275-3.175-1.219-1.275-2.581-1.281-3.206-1.356-4.475-0.325-11.194-0.325-11.194-0.325h-0.012c0 0-6.719 0-11.194 0.325-0.625 0.075-1.987 0.081-3.206 1.356-0.963 0.969-1.269 3.175-1.269 3.175s-0.319 2.588-0.319 5.181v2.425c0 2.587 0.319 5.181 0.319 5.181s0.313 2.206 1.269 3.175c1.219 1.275 2.819 1.231 3.531 1.369 2.563 0.244 10.881 0.319 10.881 0.319s6.725-0.012 11.2-0.331c0.625-0.075 1.988-0.081 3.206-1.356 0.962-0.969 1.275-3.175 1.275-3.175s0.319-2.587 0.319-5.181v-2.425c-0.006-2.588-0.325-5.181-0.325-5.181zM12.694 20.15v-8.994l8.644 4.513-8.644 4.481z"
              />
            </svg>
          </div>
        </div>
         
        <div
          class="mb-2"
        >
          <h3
            class="font-weight-bold mt-2"
          >
            Overview
          </h3>
           
          <div
            data-test="movie-overview-body"
          >
            Seasoned musician Jackson Maine discovers—and falls in love with—struggling artist Ally. She has just about given up on her dream to make it big as a singer
          </div>
        </div>
         
        <div
          class="row"
        >
          <div
            class="movie-overview-genres m-1 col-4 col-md-4 p-1"
            data-test="movie-overview-genre"
          >
            Drama
          </div>
          <div
            class="movie-overview-genres m-1 col-4 col-md-4 p-1"
            data-test="movie-overview-genre"
          >
            Music
          </div>
        </div>
      </div>
    </div>
  </div>
   
  <div
    style="margin: 2rem 0px;"
  >
    <div
      class="movie-overview-heading mb-1"
    >
      Top Billed Cast
    </div>
     
    <div
      class="row"
    />
  </div>
   
  <div
    class="trailer-modal-container d-flex h-100 hidden"
    data-test="trailer-modal-container"
  >
    <div
      class="trailer-modal-content-wrapper d-flex justify-content-center align-items-center flex-column"
    >
      <div
        class="trailer-modal-heading"
      >
        <div
          class="trailer-modal-heading-exit"
        >
          <div
            class="trailer-modal-heading-exit-line"
          />
           
          <div
            class="trailer-modal-heading-exit-line"
          />
        </div>
      </div>
       
      <div
        class="embed-responsive embed-responsive-16by9"
      >
        <iframe
          class="embed-responsive-item"
          src="https://www.youtube.com/embed/?rel=0"
        />
      </div>
    </div>
  </div>
</div>
`;
